					EX-2

[21bcs033@mepcolinux EX-2]$cat EX2.prn 
Script started on Monday 24 July 2023 01:30:08 PM IST
[21bcs033@mepcolinux EX-2]$cat pipe_name.c
/*
 * write a c program to print the names that end with 'Kumar' among given names using pipe system call.
 * */
#include <stdio.h>
#include <unistd.h>
#include <stdlib.h>
#include <sys/types.h>
#include <string.h>
#include<sys/wait.h>
int main()
{
    int p1[2],p2[2],n,j,i,x;
    char names[15][100];
    printf("How many names do you want to give as input ? ");
    scanf("%d",&n);
    printf("Give %d Names :\n",n);
    if(pipe(p1) == -1 || pipe(p2) == -1)
    {
        printf("Error in creating pipe");
    }
    x = fork();
    if (x == 0)
    {
        close (p1[1]);
        char result[15][100];
        char op[15][100];
        int len;
        int j=0;
        int results=read(p1[0],result,sizeof(result));
        for(i=0;i<n;i++)
        {
            len=strlen(result[i]);
            if((result[i][len-5]=='k' || result[i][len-5]=='K') && (result[i][len-4]=='u' ||result[i][len-4]=='U') && (result[i][len-3]=='m' ||result[i][len-5]=='M') && (result[i][len-2]=='a'||reusult[i][len-2]=='A') && (result[i][len-1]=='r'||result[i][len-1]=='R')
            {
	            
	            strcpy(op[j],result[i]);
	            j++;
            }
        }
        write(p2[1],op,sizeof(op));
        char final[15][100];
        close(p2[1]);
        read(p2[0],final,sizeof(final));
        if(j==0)
            printf("\n\nThere is no name end with 'Kumar'\n");
        else
        {
            printf("\n\n\tNames End with kumar \n");
            for(i=0;i<j;i++)
            {
                printf("\t   * %s\n",final[i]);
            }
        }
        close(p2[1]);
        close(p1[0]);
   }
   if(x==-1)
   {
       printf("Error in creating process");
   }
   else
   {
      close (p1[0]);
      close (p2[1]);
      for(i=0;i<n;i++)
      {
	    scanf("%s",&names[i]);
      }
      write(p1[1],names,sizeof(names));
      close (p2[1]);
      return 0;
   }
}
[21bcs033@mepcolinux EX-2]$cc pipe_name.c -o pipe_nameop
[21bcs033@mepcolinux EX-2]$./pipe_nameop
How many names do you want to give as input ? 4
Give 4 Names :
rakeshKumar
rajeshkumar
niventh
nisanth


	Names End with kumar 
	   * rakeshKumar
	   * rajeshkumar
[21bcs033@mepcolinux EX-2]$./pipe_nameop
How many names do you want to give as input ? 3
Give 3 Names :
swetha
nivetha
abitha


There is no name end with 'Kumar'
[21bcs033@mepcolinux EX-2]$xit
bash: xit: command not found
[21bcs033@mepcolinux EX-2]$exit
exit

